// Jest Snapshot v1, https://goo.gl/fbAQLP

exports[`<SliderSection /> should render correctly 1`] = `
<div
  className="sliderSection"
/>
`;
